// Vitest Snapshot v1, https://vitest.dev/guide/snapshot.html

exports[`Products Component > matches snapshot 1`] = `
<div>
  <div
    class="products"
  >
    <div
      class="container"
    >
      <h1>
        Products
      </h1>
      <p>
        Loading...
      </p>
    </div>
  </div>
</div>
`;
