// Vitest Snapshot v1, https://vitest.dev/guide/snapshot.html

exports[`ToDoList Component > matches snapshot 1`] = `
<div>
  <div
    class="todo-app"
  >
    <h1>
      To Do List
    </h1>
    <div
      class="input-container"
    >
      <input
        data-testid="todo-input"
        placeholder="Enter a new todo"
        role="textbox"
        value=""
      />
      <button
        data-testid="add-button"
      >
        Add Todo 
      </button>
    </div>
    <ul
      class="todo-list"
    />
  </div>
</div>
`;
